app/companions/page.tsx(32,22): error TS2741: Property 'bookmarked' is missing in type '{ color: string; id: string; author: string; name: string; subject: string; topic: string; voice: string; style: string; duration: number; key: string; }' but required in type 'CompanionCardProps'.
components/CompanionForm.tsx(40,9): error TS2322: Type 'Resolver<{ name: string; subject: string; topic: string; voice: string; style: string; duration: unknown; }, any, { name: string; subject: string; topic: string; voice: string; style: string; duration: number; }>' is not assignable to type 'Resolver<{ name: string; subject: string; topic: string; voice: string; style: string; duration: number; }, any, { name: string; subject: string; topic: string; voice: string; style: string; duration: number; }>'.
  Types of parameters 'options' and 'options' are incompatible.
    Type 'ResolverOptions<{ name: string; subject: string; topic: string; voice: string; style: string; duration: number; }>' is not assignable to type 'ResolverOptions<{ name: string; subject: string; topic: string; voice: string; style: string; duration: unknown; }>'.
      Type 'unknown' is not assignable to type 'number'.
components/CompanionForm.tsx(64,47): error TS2345: Argument of type '(values: z.infer<typeof formSchema>) => Promise<never>' is not assignable to parameter of type 'SubmitHandler<TFieldValues>'.
  Types of parameters 'values' and 'data' are incompatible.
    Type 'TFieldValues' is not assignable to type '{ name: string; subject: string; topic: string; voice: string; style: string; duration: number; }'.
      Type 'FieldValues' is missing the following properties from type '{ name: string; subject: string; topic: string; voice: string; style: string; duration: number; }': name, subject, topic, voice, and 2 more.
components/CompanionForm.tsx(66,21): error TS2322: Type 'Control<{ name: string; subject: string; topic: string; voice: string; style: string; duration: number; }, any, TFieldValues>' is not assignable to type 'Control<{ name: string; subject: string; topic: string; voice: string; style: string; duration: number; }, any, { name: string; subject: string; topic: string; voice: string; style: string; duration: number; }>'.
  The types of '_options.resolver' are incompatible between these types.
    Type 'Resolver<{ name: string; subject: string; topic: string; voice: string; style: string; duration: number; }, any, TFieldValues> | undefined' is not assignable to type 'Resolver<{ name: string; subject: string; topic: string; voice: string; style: string; duration: number; }, any, { name: string; subject: string; topic: string; voice: string; style: string; duration: number; }> | undefined'.
      Type 'Resolver<{ name: string; subject: string; topic: string; voice: string; style: string; duration: number; }, any, TFieldValues>' is not assignable to type 'Resolver<{ name: string; subject: string; topic: string; voice: string; style: string; duration: number; }, any, { name: string; subject: string; topic: string; voice: string; style: string; duration: number; }>'.
        Type 'ResolverResult<{ name: string; subject: string; topic: string; voice: string; style: string; duration: number; }, TFieldValues> | Promise<ResolverResult<{ name: string; subject: string; topic: string; voice: string; style: string; duration: number; }, TFieldValues>>' is not assignable to type 'ResolverResult<{ name: string; subject: string; topic: string; voice: string; style: string; duration: number; }, { name: string; subject: string; topic: string; voice: string; style: string; duration: number; }> | Promise<...>'.
          Type 'ResolverSuccess<TFieldValues>' is not assignable to type 'ResolverResult<{ name: string; subject: string; topic: string; voice: string; style: string; duration: number; }, { name: string; subject: string; topic: string; voice: string; style: string; duration: number; }> | Promise<...>'.
            Type 'ResolverSuccess<TFieldValues>' is not assignable to type 'ResolverSuccess<{ name: string; subject: string; topic: string; voice: string; style: string; duration: number; }>'.
              Type 'TFieldValues' is not assignable to type '{ name: string; subject: string; topic: string; voice: string; style: string; duration: number; }'.
                Type 'FieldValues' is missing the following properties from type '{ name: string; subject: string; topic: string; voice: string; style: string; duration: number; }': name, subject, topic, voice, and 2 more.
components/CompanionForm.tsx(83,21): error TS2322: Type 'Control<{ name: string; subject: string; topic: string; voice: string; style: string; duration: number; }, any, TFieldValues>' is not assignable to type 'Control<{ name: string; subject: string; topic: string; voice: string; style: string; duration: number; }, any, { name: string; subject: string; topic: string; voice: string; style: string; duration: number; }>'.
  The types of '_options.resolver' are incompatible between these types.
    Type 'Resolver<{ name: string; subject: string; topic: string; voice: string; style: string; duration: number; }, any, TFieldValues> | undefined' is not assignable to type 'Resolver<{ name: string; subject: string; topic: string; voice: string; style: string; duration: number; }, any, { name: string; subject: string; topic: string; voice: string; style: string; duration: number; }> | undefined'.
      Type 'Resolver<{ name: string; subject: string; topic: string; voice: string; style: string; duration: number; }, any, TFieldValues>' is not assignable to type 'Resolver<{ name: string; subject: string; topic: string; voice: string; style: string; duration: number; }, any, { name: string; subject: string; topic: string; voice: string; style: string; duration: number; }>'.
        Type 'ResolverResult<{ name: string; subject: string; topic: string; voice: string; style: string; duration: number; }, TFieldValues> | Promise<ResolverResult<{ name: string; subject: string; topic: string; voice: string; style: string; duration: number; }, TFieldValues>>' is not assignable to type 'ResolverResult<{ name: string; subject: string; topic: string; voice: string; style: string; duration: number; }, { name: string; subject: string; topic: string; voice: string; style: string; duration: number; }> | Promise<...>'.
          Type 'ResolverSuccess<TFieldValues>' is not assignable to type 'ResolverResult<{ name: string; subject: string; topic: string; voice: string; style: string; duration: number; }, { name: string; subject: string; topic: string; voice: string; style: string; duration: number; }> | Promise<...>'.
            Type 'ResolverSuccess<TFieldValues>' is not assignable to type 'ResolverSuccess<{ name: string; subject: string; topic: string; voice: string; style: string; duration: number; }>'.
              Type 'TFieldValues' is not assignable to type '{ name: string; subject: string; topic: string; voice: string; style: string; duration: number; }'.
                Type 'FieldValues' is missing the following properties from type '{ name: string; subject: string; topic: string; voice: string; style: string; duration: number; }': name, subject, topic, voice, and 2 more.
components/CompanionForm.tsx(115,21): error TS2322: Type 'Control<{ name: string; subject: string; topic: string; voice: string; style: string; duration: number; }, any, TFieldValues>' is not assignable to type 'Control<{ name: string; subject: string; topic: string; voice: string; style: string; duration: number; }, any, { name: string; subject: string; topic: string; voice: string; style: string; duration: number; }>'.
  The types of '_options.resolver' are incompatible between these types.
    Type 'Resolver<{ name: string; subject: string; topic: string; voice: string; style: string; duration: number; }, any, TFieldValues> | undefined' is not assignable to type 'Resolver<{ name: string; subject: string; topic: string; voice: string; style: string; duration: number; }, any, { name: string; subject: string; topic: string; voice: string; style: string; duration: number; }> | undefined'.
      Type 'Resolver<{ name: string; subject: string; topic: string; voice: string; style: string; duration: number; }, any, TFieldValues>' is not assignable to type 'Resolver<{ name: string; subject: string; topic: string; voice: string; style: string; duration: number; }, any, { name: string; subject: string; topic: string; voice: string; style: string; duration: number; }>'.
        Type 'ResolverResult<{ name: string; subject: string; topic: string; voice: string; style: string; duration: number; }, TFieldValues> | Promise<ResolverResult<{ name: string; subject: string; topic: string; voice: string; style: string; duration: number; }, TFieldValues>>' is not assignable to type 'ResolverResult<{ name: string; subject: string; topic: string; voice: string; style: string; duration: number; }, { name: string; subject: string; topic: string; voice: string; style: string; duration: number; }> | Promise<...>'.
          Type 'ResolverSuccess<TFieldValues>' is not assignable to type 'ResolverResult<{ name: string; subject: string; topic: string; voice: string; style: string; duration: number; }, { name: string; subject: string; topic: string; voice: string; style: string; duration: number; }> | Promise<...>'.
            Type 'ResolverSuccess<TFieldValues>' is not assignable to type 'ResolverSuccess<{ name: string; subject: string; topic: string; voice: string; style: string; duration: number; }>'.
              Type 'TFieldValues' is not assignable to type '{ name: string; subject: string; topic: string; voice: string; style: string; duration: number; }'.
                Type 'FieldValues' is missing the following properties from type '{ name: string; subject: string; topic: string; voice: string; style: string; duration: number; }': name, subject, topic, voice, and 2 more.
components/CompanionForm.tsx(133,21): error TS2322: Type 'Control<{ name: string; subject: string; topic: string; voice: string; style: string; duration: number; }, any, TFieldValues>' is not assignable to type 'Control<{ name: string; subject: string; topic: string; voice: string; style: string; duration: number; }, any, { name: string; subject: string; topic: string; voice: string; style: string; duration: number; }>'.
  The types of '_options.resolver' are incompatible between these types.
    Type 'Resolver<{ name: string; subject: string; topic: string; voice: string; style: string; duration: number; }, any, TFieldValues> | undefined' is not assignable to type 'Resolver<{ name: string; subject: string; topic: string; voice: string; style: string; duration: number; }, any, { name: string; subject: string; topic: string; voice: string; style: string; duration: number; }> | undefined'.
      Type 'Resolver<{ name: string; subject: string; topic: string; voice: string; style: string; duration: number; }, any, TFieldValues>' is not assignable to type 'Resolver<{ name: string; subject: string; topic: string; voice: string; style: string; duration: number; }, any, { name: string; subject: string; topic: string; voice: string; style: string; duration: number; }>'.
        Type 'ResolverResult<{ name: string; subject: string; topic: string; voice: string; style: string; duration: number; }, TFieldValues> | Promise<ResolverResult<{ name: string; subject: string; topic: string; voice: string; style: string; duration: number; }, TFieldValues>>' is not assignable to type 'ResolverResult<{ name: string; subject: string; topic: string; voice: string; style: string; duration: number; }, { name: string; subject: string; topic: string; voice: string; style: string; duration: number; }> | Promise<...>'.
          Type 'ResolverSuccess<TFieldValues>' is not assignable to type 'ResolverResult<{ name: string; subject: string; topic: string; voice: string; style: string; duration: number; }, { name: string; subject: string; topic: string; voice: string; style: string; duration: number; }> | Promise<...>'.
            Type 'ResolverSuccess<TFieldValues>' is not assignable to type 'ResolverSuccess<{ name: string; subject: string; topic: string; voice: string; style: string; duration: number; }>'.
              Type 'TFieldValues' is not assignable to type '{ name: string; subject: string; topic: string; voice: string; style: string; duration: number; }'.
                Type 'FieldValues' is missing the following properties from type '{ name: string; subject: string; topic: string; voice: string; style: string; duration: number; }': name, subject, topic, voice, and 2 more.
components/CompanionForm.tsx(164,21): error TS2322: Type 'Control<{ name: string; subject: string; topic: string; voice: string; style: string; duration: number; }, any, TFieldValues>' is not assignable to type 'Control<{ name: string; subject: string; topic: string; voice: string; style: string; duration: number; }, any, { name: string; subject: string; topic: string; voice: string; style: string; duration: number; }>'.
  The types of '_options.resolver' are incompatible between these types.
    Type 'Resolver<{ name: string; subject: string; topic: string; voice: string; style: string; duration: number; }, any, TFieldValues> | undefined' is not assignable to type 'Resolver<{ name: string; subject: string; topic: string; voice: string; style: string; duration: number; }, any, { name: string; subject: string; topic: string; voice: string; style: string; duration: number; }> | undefined'.
      Type 'Resolver<{ name: string; subject: string; topic: string; voice: string; style: string; duration: number; }, any, TFieldValues>' is not assignable to type 'Resolver<{ name: string; subject: string; topic: string; voice: string; style: string; duration: number; }, any, { name: string; subject: string; topic: string; voice: string; style: string; duration: number; }>'.
        Type 'ResolverResult<{ name: string; subject: string; topic: string; voice: string; style: string; duration: number; }, TFieldValues> | Promise<ResolverResult<{ name: string; subject: string; topic: string; voice: string; style: string; duration: number; }, TFieldValues>>' is not assignable to type 'ResolverResult<{ name: string; subject: string; topic: string; voice: string; style: string; duration: number; }, { name: string; subject: string; topic: string; voice: string; style: string; duration: number; }> | Promise<...>'.
          Type 'ResolverSuccess<TFieldValues>' is not assignable to type 'ResolverResult<{ name: string; subject: string; topic: string; voice: string; style: string; duration: number; }, { name: string; subject: string; topic: string; voice: string; style: string; duration: number; }> | Promise<...>'.
            Type 'ResolverSuccess<TFieldValues>' is not assignable to type 'ResolverSuccess<{ name: string; subject: string; topic: string; voice: string; style: string; duration: number; }>'.
              Type 'TFieldValues' is not assignable to type '{ name: string; subject: string; topic: string; voice: string; style: string; duration: number; }'.
                Type 'FieldValues' is missing the following properties from type '{ name: string; subject: string; topic: string; voice: string; style: string; duration: number; }': name, subject, topic, voice, and 2 more.
components/CompanionForm.tsx(196,21): error TS2322: Type 'Control<{ name: string; subject: string; topic: string; voice: string; style: string; duration: number; }, any, TFieldValues>' is not assignable to type 'Control<{ name: string; subject: string; topic: string; voice: string; style: string; duration: number; }, any, { name: string; subject: string; topic: string; voice: string; style: string; duration: number; }>'.
  The types of '_options.resolver' are incompatible between these types.
    Type 'Resolver<{ name: string; subject: string; topic: string; voice: string; style: string; duration: number; }, any, TFieldValues> | undefined' is not assignable to type 'Resolver<{ name: string; subject: string; topic: string; voice: string; style: string; duration: number; }, any, { name: string; subject: string; topic: string; voice: string; style: string; duration: number; }> | undefined'.
      Type 'Resolver<{ name: string; subject: string; topic: string; voice: string; style: string; duration: number; }, any, TFieldValues>' is not assignable to type 'Resolver<{ name: string; subject: string; topic: string; voice: string; style: string; duration: number; }, any, { name: string; subject: string; topic: string; voice: string; style: string; duration: number; }>'.
        Type 'ResolverResult<{ name: string; subject: string; topic: string; voice: string; style: string; duration: number; }, TFieldValues> | Promise<ResolverResult<{ name: string; subject: string; topic: string; voice: string; style: string; duration: number; }, TFieldValues>>' is not assignable to type 'ResolverResult<{ name: string; subject: string; topic: string; voice: string; style: string; duration: number; }, { name: string; subject: string; topic: string; voice: string; style: string; duration: number; }> | Promise<...>'.
          Type 'ResolverSuccess<TFieldValues>' is not assignable to type 'ResolverResult<{ name: string; subject: string; topic: string; voice: string; style: string; duration: number; }, { name: string; subject: string; topic: string; voice: string; style: string; duration: number; }> | Promise<...>'.
            Type 'ResolverSuccess<TFieldValues>' is not assignable to type 'ResolverSuccess<{ name: string; subject: string; topic: string; voice: string; style: string; duration: number; }>'.
              Type 'TFieldValues' is not assignable to type '{ name: string; subject: string; topic: string; voice: string; style: string; duration: number; }'.
                Type 'FieldValues' is missing the following properties from type '{ name: string; subject: string; topic: string; voice: string; style: string; duration: number; }': name, subject, topic, voice, and 2 more.
